// Vitest Snapshot v1, https://vitest.dev/guide/snapshot.html

exports[`puzzleBrowser.themes (KS-2500) > en snapshot полного списка тем 1`] = `
{
  "advancedPawn": "Advanced Pawn",
  "advantage": "Advantage",
  "anapierce": "Ana Pierce",
  "arabianMate": "Arabian Mate",
  "attackingF2F7": "Attacking f2/f7",
  "attraction": "Attraction",
  "backRankMate": "Back Rank Mate",
  "bishopEndgame": "Bishop Endgame",
  "bodenMate": "Boden's Mate",
  "capturingDefender": "Capturing Defender",
  "castling": "Castling",
  "clearance": "Clearance",
  "crushing": "Crushing",
  "defensiveMove": "Defensive Move",
  "deflection": "Deflection",
  "discoveredAttack": "Discovered Attack",
  "doubleBishopMate": "Double Bishop Mate",
  "doubleCheck": "Double Check",
  "dovetailMate": "Dovetail Mate",
  "enPassant": "En Passant",
  "endgame": "Endgame",
  "equality": "Equality",
  "exposedKing": "Exposed King",
  "fork": "Fork",
  "hangingPiece": "Hanging Piece",
  "hookMate": "Hook Mate",
  "interference": "Interference",
  "intermezzo": "Intermezzo",
  "kingsideAttack": "Kingside Attack",
  "knightEndgame": "Knight Endgame",
  "long": "Long",
  "master": "Master",
  "masterVsMaster": "Master vs Master",
  "mate": "Checkmate",
  "mateIn1": "Mate in 1",
  "mateIn2": "Mate in 2",
  "mateIn3": "Mate in 3",
  "mateIn4": "Mate in 4",
  "mateIn5": "Mate in 5",
  "middlegame": "Middlegame",
  "oneMove": "One Move",
  "opening": "Opening",
  "pawnEndgame": "Pawn Endgame",
  "pin": "Pin",
  "playVsEngine": "Play vs Engine",
  "promotion": "Promotion",
  "queenEndgame": "Queen Endgame",
  "queenRookEndgame": "Queen & Rook Endgame",
  "queensideAttack": "Queenside Attack",
  "quietMove": "Quiet Move",
  "rookEndgame": "Rook Endgame",
  "sacrifice": "Sacrifice",
  "short": "Short",
  "skewer": "Skewer",
  "smotheredMate": "Smothered Mate",
  "superGM": "Super GM",
  "trappedPiece": "Trapped Piece",
  "underPromotion": "Under Promotion",
  "veryLong": "Very Long",
  "xRayAttack": "X-Ray Attack",
  "zugzwang": "Zugzwang",
}
`;

exports[`puzzleBrowser.themes (KS-2500) > ru snapshot полного списка тем 1`] = `
{
  "advancedPawn": "Проходная пешка",
  "advantage": "Преимущество",
  "anapierce": "Ана Пирс",
  "arabianMate": "Арабский мат",
  "attackingF2F7": "Атака f2/f7",
  "attraction": "Завлечение",
  "backRankMate": "Мат на последней горизонтали",
  "bishopEndgame": "Слоновый эндшпиль",
  "bodenMate": "Мат Бодена",
  "capturingDefender": "Уничтожение защитника",
  "castling": "Рокировка",
  "clearance": "Освобождение поля",
  "crushing": "Разгром",
  "defensiveMove": "Защитный ход",
  "deflection": "Отвлечение",
  "discoveredAttack": "Вскрытая атака",
  "doubleBishopMate": "Мат двумя слонами",
  "doubleCheck": "Двойной шах",
  "dovetailMate": "Мат Костыля",
  "enPassant": "Взятие на проходе",
  "endgame": "Эндшпиль",
  "equality": "Уравнение",
  "exposedKing": "Открытый король",
  "fork": "Вилка",
  "hangingPiece": "Висящая фигура",
  "hookMate": "Мат крючком",
  "interference": "Перекрытие",
  "intermezzo": "Промежуточный ход",
  "kingsideAttack": "Атака на королевском фланге",
  "knightEndgame": "Коневой эндшпиль",
  "long": "Длинная",
  "master": "Мастер",
  "masterVsMaster": "Мастер против мастера",
  "mate": "Мат",
  "mateIn1": "Мат в 1 ход",
  "mateIn2": "Мат в 2 хода",
  "mateIn3": "Мат в 3 хода",
  "mateIn4": "Мат в 4 хода",
  "mateIn5": "Мат в 5 ходов",
  "middlegame": "Миттельшпиль",
  "oneMove": "Один ход",
  "opening": "Дебют",
  "pawnEndgame": "Пешечный эндшпиль",
  "pin": "Связка",
  "playVsEngine": "Против движка",
  "promotion": "Превращение",
  "queenEndgame": "Ферзевый эндшпиль",
  "queenRookEndgame": "Ферзево-ладейный эндшпиль",
  "queensideAttack": "Атака на ферзевом фланге",
  "quietMove": "Тихий ход",
  "rookEndgame": "Ладейный эндшпиль",
  "sacrifice": "Жертва",
  "short": "Короткая",
  "skewer": "Линейный удар",
  "smotheredMate": "Спёртый мат",
  "superGM": "Супер ГМ",
  "trappedPiece": "Ловля фигуры",
  "underPromotion": "Превращение в лёгкую фигуру",
  "veryLong": "Очень длинная",
  "xRayAttack": "Рентген",
  "zugzwang": "Цугцванг",
}
`;
